D:\JAVA SOFT-64\workspace\SpringBoot_fk\src\main\java\com\demo\service\LogServiceImpl.java
D:\JAVA SOFT-64\workspace\SpringBoot_fk\src\main\java\com\demo\model\RegisterVO.java
D:\JAVA SOFT-64\workspace\SpringBoot_fk\src\main\java\com\demo\DAO\loginDAOImpl.java
D:\JAVA SOFT-64\workspace\SpringBoot_fk\src\main\java\com\demo\HibernateConfiguratinon.java
D:\JAVA SOFT-64\workspace\SpringBoot_fk\src\main\java\com\demo\DAO\loginDAO.java
D:\JAVA SOFT-64\workspace\SpringBoot_fk\src\main\java\com\demo\service\RegServiceImpl.java
D:\JAVA SOFT-64\workspace\SpringBoot_fk\src\main\java\com\demo\service\RegService.java
D:\JAVA SOFT-64\workspace\SpringBoot_fk\src\main\java\com\demo\service\LogService.java
D:\JAVA SOFT-64\workspace\SpringBoot_fk\src\main\java\com\demo\DAO\RegDAO.java
D:\JAVA SOFT-64\workspace\SpringBoot_fk\src\main\java\com\demo\controller\RegController.java
D:\JAVA SOFT-64\workspace\SpringBoot_fk\src\main\java\com\demo\Application.java
D:\JAVA SOFT-64\workspace\SpringBoot_fk\src\main\java\com\demo\DAO\RegDAOImpl.java
D:\JAVA SOFT-64\workspace\SpringBoot_fk\src\main\java\com\demo\model\LoginVO.java
